08-21 01:10:53.728 23567 23567 E AndroidRuntime: Process: com.nononsenseapps.notepad, PID: 23567
08-21 01:10:53.728 23567 23567 E AndroidRuntime: java.lang.RuntimeException: Unable to start receiver com.nononsenseapps.notepad.sync.orgsync.BackgroundSyncScheduler: java.lang.IllegalStateException: Not allowed to start service Intent { act=com.nononsenseapps.notepad.sync.START cmp=com.nononsenseapps.notepad/.sync.orgsync.OrgSyncService }: app is in background uid UidRecord{63b324f u0a834 RCVR bg:+17m14s716ms idle change:uncached procs:1 seq(0,0,0)}
08-21 01:10:53.728 23567 23567 E AndroidRuntime: Caused by: java.lang.IllegalStateException: Not allowed to start service Intent { act=com.nononsenseapps.notepad.sync.START cmp=com.nononsenseapps.notepad/.sync.orgsync.OrgSyncService }: app is in background uid UidRecord{63b324f u0a834 RCVR bg:+17m14s716ms idle change:uncached procs:1 seq(0,0,0)}
08-21 01:10:53.728 23567 23567 E AndroidRuntime: 	at com.nononsenseapps.notepad.sync.orgsync.OrgSyncService.start(SourceFile:21)
08-21 01:10:53.728 23567 23567 E AndroidRuntime: 	at com.nononsenseapps.notepad.sync.orgsync.BackgroundSyncScheduler.onReceive(SourceFile:42)
08-21 01:44:23.193 30356 30356 E AndroidRuntime: Process: com.nononsenseapps.notepad, PID: 30356
08-21 01:44:23.193 30356 30356 E AndroidRuntime: java.lang.RuntimeException: Unable to start receiver com.nononsenseapps.notepad.sync.orgsync.BackgroundSyncScheduler: java.lang.IllegalStateException: Not allowed to start service Intent { act=com.nononsenseapps.notepad.sync.START cmp=com.nononsenseapps.notepad/.sync.orgsync.OrgSyncService }: app is in background uid UidRecord{4a2b0bb u0a834 RCVR idle change:uncached procs:1 seq(0,0,0)}
08-21 01:44:23.193 30356 30356 E AndroidRuntime: Caused by: java.lang.IllegalStateException: Not allowed to start service Intent { act=com.nononsenseapps.notepad.sync.START cmp=com.nononsenseapps.notepad/.sync.orgsync.OrgSyncService }: app is in background uid UidRecord{4a2b0bb u0a834 RCVR idle change:uncached procs:1 seq(0,0,0)}
08-21 01:44:23.193 30356 30356 E AndroidRuntime: 	at com.nononsenseapps.notepad.sync.orgsync.OrgSyncService.start(SourceFile:21)
08-21 01:44:23.193 30356 30356 E AndroidRuntime: 	at com.nononsenseapps.notepad.sync.orgsync.BackgroundSyncScheduler.onReceive(SourceFile:42)
08-21 03:00:55.209  2423  2423 E AndroidRuntime: Process: com.nononsenseapps.notepad, PID: 2423
08-21 03:00:55.209  2423  2423 E AndroidRuntime: java.lang.RuntimeException: Unable to start receiver com.nononsenseapps.notepad.sync.orgsync.BackgroundSyncScheduler: java.lang.IllegalStateException: Not allowed to start service Intent { act=com.nononsenseapps.notepad.sync.START cmp=com.nononsenseapps.notepad/.sync.orgsync.OrgSyncService }: app is in background uid UidRecord{fe33243 u0a834 RCVR idle change:uncached procs:1 seq(0,0,0)}
08-21 03:00:55.209  2423  2423 E AndroidRuntime: Caused by: java.lang.IllegalStateException: Not allowed to start service Intent { act=com.nononsenseapps.notepad.sync.START cmp=com.nononsenseapps.notepad/.sync.orgsync.OrgSyncService }: app is in background uid UidRecord{fe33243 u0a834 RCVR idle change:uncached procs:1 seq(0,0,0)}
08-21 03:00:55.209  2423  2423 E AndroidRuntime: 	at com.nononsenseapps.notepad.sync.orgsync.OrgSyncService.start(SourceFile:21)
08-21 03:00:55.209  2423  2423 E AndroidRuntime: 	at com.nononsenseapps.notepad.sync.orgsync.BackgroundSyncScheduler.onReceive(SourceFile:42)
08-21 03:35:17.486  8739  8739 E AndroidRuntime: Process: com.nononsenseapps.notepad, PID: 8739
08-21 03:35:17.486  8739  8739 E AndroidRuntime: java.lang.RuntimeException: Unable to start receiver com.nononsenseapps.notepad.sync.orgsync.BackgroundSyncScheduler: java.lang.IllegalStateException: Not allowed to start service Intent { act=com.nononsenseapps.notepad.sync.START cmp=com.nononsenseapps.notepad/.sync.orgsync.OrgSyncService }: app is in background uid UidRecord{c6ed849 u0a834 RCVR idle change:uncached procs:1 seq(0,0,0)}
08-21 03:35:17.486  8739  8739 E AndroidRuntime: Caused by: java.lang.IllegalStateException: Not allowed to start service Intent { act=com.nononsenseapps.notepad.sync.START cmp=com.nononsenseapps.notepad/.sync.orgsync.OrgSyncService }: app is in background uid UidRecord{c6ed849 u0a834 RCVR idle change:uncached procs:1 seq(0,0,0)}
08-21 03:35:17.486  8739  8739 E AndroidRuntime: 	at com.nononsenseapps.notepad.sync.orgsync.OrgSyncService.start(SourceFile:21)
08-21 03:35:17.486  8739  8739 E AndroidRuntime: 	at com.nononsenseapps.notepad.sync.orgsync.BackgroundSyncScheduler.onReceive(SourceFile:42)
08-21 03:41:00.331 15297 15297 E AndroidRuntime: Process: com.nononsenseapps.notepad, PID: 15297
08-21 03:41:00.331 15297 15297 E AndroidRuntime: java.lang.RuntimeException: Unable to start receiver com.nononsenseapps.notepad.sync.orgsync.BackgroundSyncScheduler: java.lang.IllegalStateException: Not allowed to start service Intent { act=com.nononsenseapps.notepad.sync.START cmp=com.nononsenseapps.notepad/.sync.orgsync.OrgSyncService }: app is in background uid UidRecord{e34e208 u0a834 RCVR idle change:uncached procs:1 seq(0,0,0)}
08-21 03:41:00.331 15297 15297 E AndroidRuntime: Caused by: java.lang.IllegalStateException: Not allowed to start service Intent { act=com.nononsenseapps.notepad.sync.START cmp=com.nononsenseapps.notepad/.sync.orgsync.OrgSyncService }: app is in background uid UidRecord{e34e208 u0a834 RCVR idle change:uncached procs:1 seq(0,0,0)}
08-21 03:41:00.331 15297 15297 E AndroidRuntime: 	at com.nononsenseapps.notepad.sync.orgsync.OrgSyncService.start(SourceFile:21)
08-21 03:41:00.331 15297 15297 E AndroidRuntime: 	at com.nononsenseapps.notepad.sync.orgsync.BackgroundSyncScheduler.onReceive(SourceFile:42)
08-21 04:12:41.627 26550 26550 E AndroidRuntime: Process: com.nononsenseapps.notepad, PID: 26550
08-21 04:12:41.627 26550 26550 E AndroidRuntime: java.lang.RuntimeException: Unable to start receiver com.nononsenseapps.notepad.sync.orgsync.BackgroundSyncScheduler: java.lang.IllegalStateException: Not allowed to start service Intent { act=com.nononsenseapps.notepad.sync.START cmp=com.nononsenseapps.notepad/.sync.orgsync.OrgSyncService }: app is in background uid UidRecord{65b2c9e u0a834 RCVR idle change:idle|uncached procs:1 seq(0,0,0)}
08-21 04:12:41.627 26550 26550 E AndroidRuntime: Caused by: java.lang.IllegalStateException: Not allowed to start service Intent { act=com.nononsenseapps.notepad.sync.START cmp=com.nononsenseapps.notepad/.sync.orgsync.OrgSyncService }: app is in background uid UidRecord{65b2c9e u0a834 RCVR idle change:idle|uncached procs:1 seq(0,0,0)}
08-21 04:12:41.627 26550 26550 E AndroidRuntime: 	at com.nononsenseapps.notepad.sync.orgsync.OrgSyncService.start(SourceFile:21)
08-21 04:12:41.627 26550 26550 E AndroidRuntime: 	at com.nononsenseapps.notepad.sync.orgsync.BackgroundSyncScheduler.onReceive(SourceFile:42)
08-21 04:40:53.570  4293  4293 E AndroidRuntime: Process: com.nononsenseapps.notepad, PID: 4293
08-21 04:40:53.570  4293  4293 E AndroidRuntime: java.lang.RuntimeException: Unable to start receiver com.nononsenseapps.notepad.sync.orgsync.BackgroundSyncScheduler: java.lang.IllegalStateException: Not allowed to start service Intent { act=com.nononsenseapps.notepad.sync.START cmp=com.nononsenseapps.notepad/.sync.orgsync.OrgSyncService }: app is in background uid UidRecord{23ddd21 u0a834 RCVR idle change:uncached procs:1 seq(0,0,0)}
08-21 04:40:53.570  4293  4293 E AndroidRuntime: Caused by: java.lang.IllegalStateException: Not allowed to start service Intent { act=com.nononsenseapps.notepad.sync.START cmp=com.nononsenseapps.notepad/.sync.orgsync.OrgSyncService }: app is in background uid UidRecord{23ddd21 u0a834 RCVR idle change:uncached procs:1 seq(0,0,0)}
08-21 04:40:53.570  4293  4293 E AndroidRuntime: 	at com.nononsenseapps.notepad.sync.orgsync.OrgSyncService.start(SourceFile:21)
08-21 04:40:53.570  4293  4293 E AndroidRuntime: 	at com.nononsenseapps.notepad.sync.orgsync.BackgroundSyncScheduler.onReceive(SourceFile:42)
08-21 05:15:20.910  7343  7343 E AndroidRuntime: Process: com.nononsenseapps.notepad, PID: 7343
08-21 05:15:20.910  7343  7343 E AndroidRuntime: java.lang.RuntimeException: Unable to start receiver com.nononsenseapps.notepad.sync.orgsync.BackgroundSyncScheduler: java.lang.IllegalStateException: Not allowed to start service Intent { act=com.nononsenseapps.notepad.sync.START cmp=com.nononsenseapps.notepad/.sync.orgsync.OrgSyncService }: app is in background uid UidRecord{aa3e670 u0a834 RCVR idle change:uncached procs:1 seq(0,0,0)}
08-21 05:15:20.910  7343  7343 E AndroidRuntime: Caused by: java.lang.IllegalStateException: Not allowed to start service Intent { act=com.nononsenseapps.notepad.sync.START cmp=com.nononsenseapps.notepad/.sync.orgsync.OrgSyncService }: app is in background uid UidRecord{aa3e670 u0a834 RCVR idle change:uncached procs:1 seq(0,0,0)}
08-21 05:15:20.910  7343  7343 E AndroidRuntime: 	at com.nononsenseapps.notepad.sync.orgsync.OrgSyncService.start(SourceFile:21)
08-21 05:15:20.910  7343  7343 E AndroidRuntime: 	at com.nononsenseapps.notepad.sync.orgsync.BackgroundSyncScheduler.onReceive(SourceFile:42)
08-21 05:41:02.718 17022 17022 E AndroidRuntime: Process: com.nononsenseapps.notepad, PID: 17022
08-21 05:41:02.718 17022 17022 E AndroidRuntime: java.lang.RuntimeException: Unable to start receiver com.nononsenseapps.notepad.sync.orgsync.BackgroundSyncScheduler: java.lang.IllegalStateException: Not allowed to start service Intent { act=com.nononsenseapps.notepad.sync.START cmp=com.nononsenseapps.notepad/.sync.orgsync.OrgSyncService }: app is in background uid UidRecord{2205710 u0a834 RCVR idle change:uncached procs:1 seq(0,0,0)}
08-21 05:41:02.718 17022 17022 E AndroidRuntime: Caused by: java.lang.IllegalStateException: Not allowed to start service Intent { act=com.nononsenseapps.notepad.sync.START cmp=com.nononsenseapps.notepad/.sync.orgsync.OrgSyncService }: app is in background uid UidRecord{2205710 u0a834 RCVR idle change:uncached procs:1 seq(0,0,0)}
08-21 05:41:02.718 17022 17022 E AndroidRuntime: 	at com.nononsenseapps.notepad.sync.orgsync.OrgSyncService.start(SourceFile:21)
08-21 05:41:02.718 17022 17022 E AndroidRuntime: 	at com.nononsenseapps.notepad.sync.orgsync.BackgroundSyncScheduler.onReceive(SourceFile:42)
08-21 06:10:52.389 25377 25377 E AndroidRuntime: Process: com.nononsenseapps.notepad, PID: 25377
08-21 06:10:52.389 25377 25377 E AndroidRuntime: java.lang.RuntimeException: Unable to start receiver com.nononsenseapps.notepad.sync.orgsync.BackgroundSyncScheduler: java.lang.IllegalStateException: Not allowed to start service Intent { act=com.nononsenseapps.notepad.sync.START cmp=com.nononsenseapps.notepad/.sync.orgsync.OrgSyncService }: app is in background uid UidRecord{3457ac9 u0a834 RCVR idle change:uncached procs:1 seq(0,0,0)}
08-21 06:10:52.389 25377 25377 E AndroidRuntime: Caused by: java.lang.IllegalStateException: Not allowed to start service Intent { act=com.nononsenseapps.notepad.sync.START cmp=com.nononsenseapps.notepad/.sync.orgsync.OrgSyncService }: app is in background uid UidRecord{3457ac9 u0a834 RCVR idle change:uncached procs:1 seq(0,0,0)}
08-21 06:10:52.389 25377 25377 E AndroidRuntime: 	at com.nononsenseapps.notepad.sync.orgsync.OrgSyncService.start(SourceFile:21)
08-21 06:10:52.389 25377 25377 E AndroidRuntime: 	at com.nononsenseapps.notepad.sync.orgsync.BackgroundSyncScheduler.onReceive(SourceFile:42)
08-21 06:41:01.310 26841 26841 E AndroidRuntime: Process: com.nononsenseapps.notepad, PID: 26841
08-21 06:41:01.310 26841 26841 E AndroidRuntime: java.lang.RuntimeException: Unable to start receiver com.nononsenseapps.notepad.sync.orgsync.BackgroundSyncScheduler: java.lang.IllegalStateException: Not allowed to start service Intent { act=com.nononsenseapps.notepad.sync.START cmp=com.nononsenseapps.notepad/.sync.orgsync.OrgSyncService }: app is in background uid UidRecord{2491369 u0a834 RCVR idle change:uncached procs:1 seq(0,0,0)}
08-21 06:41:01.310 26841 26841 E AndroidRuntime: Caused by: java.lang.IllegalStateException: Not allowed to start service Intent { act=com.nononsenseapps.notepad.sync.START cmp=com.nononsenseapps.notepad/.sync.orgsync.OrgSyncService }: app is in background uid UidRecord{2491369 u0a834 RCVR idle change:uncached procs:1 seq(0,0,0)}
08-21 06:41:01.310 26841 26841 E AndroidRuntime: 	at com.nononsenseapps.notepad.sync.orgsync.OrgSyncService.start(SourceFile:21)
08-21 06:41:01.310 26841 26841 E AndroidRuntime: 	at com.nononsenseapps.notepad.sync.orgsync.BackgroundSyncScheduler.onReceive(SourceFile:42)
08-21 07:44:01.796 28050 28050 E AndroidRuntime: Process: com.nononsenseapps.notepad, PID: 28050
08-21 07:44:01.796 28050 28050 E AndroidRuntime: java.lang.RuntimeException: Unable to start receiver com.nononsenseapps.notepad.sync.orgsync.BackgroundSyncScheduler: java.lang.IllegalStateException: Not allowed to start service Intent { act=com.nononsenseapps.notepad.sync.START cmp=com.nononsenseapps.notepad/.sync.orgsync.OrgSyncService }: app is in background uid UidRecord{370fb88 u0a834 RCVR idle change:uncached procs:1 seq(0,0,0)}
08-21 07:44:01.796 28050 28050 E AndroidRuntime: Caused by: java.lang.IllegalStateException: Not allowed to start service Intent { act=com.nononsenseapps.notepad.sync.START cmp=com.nononsenseapps.notepad/.sync.orgsync.OrgSyncService }: app is in background uid UidRecord{370fb88 u0a834 RCVR idle change:uncached procs:1 seq(0,0,0)}
08-21 07:44:01.796 28050 28050 E AndroidRuntime: 	at com.nononsenseapps.notepad.sync.orgsync.OrgSyncService.start(SourceFile:21)
08-21 07:44:01.796 28050 28050 E AndroidRuntime: 	at com.nononsenseapps.notepad.sync.orgsync.BackgroundSyncScheduler.onReceive(SourceFile:42)
08-21 09:35:41.019 30232 30232 E AndroidRuntime: Process: com.nononsenseapps.notepad, PID: 30232
08-21 09:35:41.019 30232 30232 E AndroidRuntime: java.lang.RuntimeException: Unable to start receiver com.nononsenseapps.notepad.sync.orgsync.BackgroundSyncScheduler: java.lang.IllegalStateException: Not allowed to start service Intent { act=com.nononsenseapps.notepad.sync.START cmp=com.nononsenseapps.notepad/.sync.orgsync.OrgSyncService }: app is in background uid UidRecord{5e91832 u0a834 RCVR idle change:uncached procs:1 seq(0,0,0)}
08-21 09:35:41.019 30232 30232 E AndroidRuntime: Caused by: java.lang.IllegalStateException: Not allowed to start service Intent { act=com.nononsenseapps.notepad.sync.START cmp=com.nononsenseapps.notepad/.sync.orgsync.OrgSyncService }: app is in background uid UidRecord{5e91832 u0a834 RCVR idle change:uncached procs:1 seq(0,0,0)}
08-21 09:35:41.019 30232 30232 E AndroidRuntime: 	at com.nononsenseapps.notepad.sync.orgsync.OrgSyncService.start(SourceFile:21)
08-21 09:35:41.019 30232 30232 E AndroidRuntime: 	at com.nononsenseapps.notepad.sync.orgsync.BackgroundSyncScheduler.onReceive(SourceFile:42)
08-21 13:25:10.505  8804  8804 E AndroidRuntime: Process: com.nononsenseapps.notepad, PID: 8804
08-21 13:25:10.505  8804  8804 E AndroidRuntime: java.lang.RuntimeException: Unable to start receiver com.nononsenseapps.notepad.sync.orgsync.BackgroundSyncScheduler: java.lang.IllegalStateException: Not allowed to start service Intent { act=com.nononsenseapps.notepad.sync.START cmp=com.nononsenseapps.notepad/.sync.orgsync.OrgSyncService }: app is in background uid UidRecord{a8eb576 u0a834 RCVR idle change:uncached procs:1 seq(0,0,0)}
08-21 13:25:10.505  8804  8804 E AndroidRuntime: Caused by: java.lang.IllegalStateException: Not allowed to start service Intent { act=com.nononsenseapps.notepad.sync.START cmp=com.nononsenseapps.notepad/.sync.orgsync.OrgSyncService }: app is in background uid UidRecord{a8eb576 u0a834 RCVR idle change:uncached procs:1 seq(0,0,0)}
08-21 13:25:10.505  8804  8804 E AndroidRuntime: 	at com.nononsenseapps.notepad.sync.orgsync.OrgSyncService.start(SourceFile:21)
08-21 13:25:10.505  8804  8804 E AndroidRuntime: 	at com.nononsenseapps.notepad.sync.orgsync.BackgroundSyncScheduler.onReceive(SourceFile:42)
08-21 13:45:18.255 22501 22501 E AndroidRuntime: Process: com.nononsenseapps.notepad, PID: 22501
08-21 13:45:18.255 22501 22501 E AndroidRuntime: java.lang.RuntimeException: Unable to start receiver com.nononsenseapps.notepad.sync.orgsync.BackgroundSyncScheduler: java.lang.IllegalStateException: Not allowed to start service Intent { act=com.nononsenseapps.notepad.sync.START cmp=com.nononsenseapps.notepad/.sync.orgsync.OrgSyncService }: app is in background uid UidRecord{fcf800 u0a834 RCVR idle change:uncached procs:1 seq(0,0,0)}
08-21 13:45:18.255 22501 22501 E AndroidRuntime: Caused by: java.lang.IllegalStateException: Not allowed to start service Intent { act=com.nononsenseapps.notepad.sync.START cmp=com.nononsenseapps.notepad/.sync.orgsync.OrgSyncService }: app is in background uid UidRecord{fcf800 u0a834 RCVR idle change:uncached procs:1 seq(0,0,0)}
08-21 13:45:18.255 22501 22501 E AndroidRuntime: 	at com.nononsenseapps.notepad.sync.orgsync.OrgSyncService.start(SourceFile:21)
08-21 13:45:18.255 22501 22501 E AndroidRuntime: 	at com.nononsenseapps.notepad.sync.orgsync.BackgroundSyncScheduler.onReceive(SourceFile:42)
08-21 14:27:01.386 30338 30338 E AndroidRuntime: Process: com.nononsenseapps.notepad, PID: 30338
08-21 14:27:01.386 30338 30338 E AndroidRuntime: java.lang.RuntimeException: Unable to start receiver com.nononsenseapps.notepad.sync.orgsync.BackgroundSyncScheduler: java.lang.IllegalStateException: Not allowed to start service Intent { act=com.nononsenseapps.notepad.sync.START cmp=com.nononsenseapps.notepad/.sync.orgsync.OrgSyncService }: app is in background uid UidRecord{1144702 u0a834 RCVR idle change:uncached procs:1 seq(0,0,0)}
08-21 14:27:01.386 30338 30338 E AndroidRuntime: Caused by: java.lang.IllegalStateException: Not allowed to start service Intent { act=com.nononsenseapps.notepad.sync.START cmp=com.nononsenseapps.notepad/.sync.orgsync.OrgSyncService }: app is in background uid UidRecord{1144702 u0a834 RCVR idle change:uncached procs:1 seq(0,0,0)}
08-21 14:27:01.386 30338 30338 E AndroidRuntime: 	at com.nononsenseapps.notepad.sync.orgsync.OrgSyncService.start(SourceFile:21)
08-21 14:27:01.386 30338 30338 E AndroidRuntime: 	at com.nononsenseapps.notepad.sync.orgsync.BackgroundSyncScheduler.onReceive(SourceFile:42)
08-21 15:23:21.146  6957  6957 E AndroidRuntime: Process: com.nononsenseapps.notepad, PID: 6957
08-21 15:23:21.146  6957  6957 E AndroidRuntime: java.lang.RuntimeException: Unable to start receiver com.nononsenseapps.notepad.sync.orgsync.BackgroundSyncScheduler: java.lang.IllegalStateException: Not allowed to start service Intent { act=com.nononsenseapps.notepad.sync.START cmp=com.nononsenseapps.notepad/.sync.orgsync.OrgSyncService }: app is in background uid UidRecord{ee31c0f u0a834 RCVR idle change:uncached procs:1 seq(0,0,0)}
08-21 15:23:21.146  6957  6957 E AndroidRuntime: Caused by: java.lang.IllegalStateException: Not allowed to start service Intent { act=com.nononsenseapps.notepad.sync.START cmp=com.nononsenseapps.notepad/.sync.orgsync.OrgSyncService }: app is in background uid UidRecord{ee31c0f u0a834 RCVR idle change:uncached procs:1 seq(0,0,0)}
08-21 15:23:21.146  6957  6957 E AndroidRuntime: 	at com.nononsenseapps.notepad.sync.orgsync.OrgSyncService.start(SourceFile:21)
08-21 15:23:21.146  6957  6957 E AndroidRuntime: 	at com.nononsenseapps.notepad.sync.orgsync.BackgroundSyncScheduler.onReceive(SourceFile:42)
08-21 15:41:01.275 14887 14887 E AndroidRuntime: Process: com.nononsenseapps.notepad, PID: 14887
08-21 15:41:01.275 14887 14887 E AndroidRuntime: java.lang.RuntimeException: Unable to start receiver com.nononsenseapps.notepad.sync.orgsync.BackgroundSyncScheduler: java.lang.IllegalStateException: Not allowed to start service Intent { act=com.nononsenseapps.notepad.sync.START cmp=com.nononsenseapps.notepad/.sync.orgsync.OrgSyncService }: app is in background uid UidRecord{d0f19dd u0a834 RCVR idle change:uncached procs:1 seq(0,0,0)}
08-21 15:41:01.275 14887 14887 E AndroidRuntime: Caused by: java.lang.IllegalStateException: Not allowed to start service Intent { act=com.nononsenseapps.notepad.sync.START cmp=com.nononsenseapps.notepad/.sync.orgsync.OrgSyncService }: app is in background uid UidRecord{d0f19dd u0a834 RCVR idle change:uncached procs:1 seq(0,0,0)}
08-21 15:41:01.275 14887 14887 E AndroidRuntime: 	at com.nononsenseapps.notepad.sync.orgsync.OrgSyncService.start(SourceFile:21)
08-21 15:41:01.275 14887 14887 E AndroidRuntime: 	at com.nononsenseapps.notepad.sync.orgsync.BackgroundSyncScheduler.onReceive(SourceFile:42)
08-21 16:23:44.634 31157 31157 E AndroidRuntime: Process: com.nononsenseapps.notepad, PID: 31157
08-21 16:23:44.634 31157 31157 E AndroidRuntime: java.lang.RuntimeException: Unable to start receiver com.nononsenseapps.notepad.sync.orgsync.BackgroundSyncScheduler: java.lang.IllegalStateException: Not allowed to start service Intent { act=com.nononsenseapps.notepad.sync.START cmp=com.nononsenseapps.notepad/.sync.orgsync.OrgSyncService }: app is in background uid UidRecord{8c2fa78 u0a834 RCVR idle change:uncached procs:1 seq(0,0,0)}
08-21 16:23:44.634 31157 31157 E AndroidRuntime: Caused by: java.lang.IllegalStateException: Not allowed to start service Intent { act=com.nononsenseapps.notepad.sync.START cmp=com.nononsenseapps.notepad/.sync.orgsync.OrgSyncService }: app is in background uid UidRecord{8c2fa78 u0a834 RCVR idle change:uncached procs:1 seq(0,0,0)}
08-21 16:23:44.634 31157 31157 E AndroidRuntime: 	at com.nononsenseapps.notepad.sync.orgsync.OrgSyncService.start(SourceFile:21)
08-21 16:23:44.634 31157 31157 E AndroidRuntime: 	at com.nononsenseapps.notepad.sync.orgsync.BackgroundSyncScheduler.onReceive(SourceFile:42)
08-21 16:40:53.486  9959  9959 E AndroidRuntime: Process: com.nononsenseapps.notepad, PID: 9959
08-21 16:40:53.486  9959  9959 E AndroidRuntime: java.lang.RuntimeException: Unable to start receiver com.nononsenseapps.notepad.sync.orgsync.BackgroundSyncScheduler: java.lang.IllegalStateException: Not allowed to start service Intent { act=com.nononsenseapps.notepad.sync.START cmp=com.nononsenseapps.notepad/.sync.orgsync.OrgSyncService }: app is in background uid UidRecord{5953c4f u0a834 RCVR idle change:uncached procs:1 seq(0,0,0)}
08-21 16:40:53.486  9959  9959 E AndroidRuntime: Caused by: java.lang.IllegalStateException: Not allowed to start service Intent { act=com.nononsenseapps.notepad.sync.START cmp=com.nononsenseapps.notepad/.sync.orgsync.OrgSyncService }: app is in background uid UidRecord{5953c4f u0a834 RCVR idle change:uncached procs:1 seq(0,0,0)}
08-21 16:40:53.486  9959  9959 E AndroidRuntime: 	at com.nononsenseapps.notepad.sync.orgsync.OrgSyncService.start(SourceFile:21)
08-21 16:40:53.486  9959  9959 E AndroidRuntime: 	at com.nononsenseapps.notepad.sync.orgsync.BackgroundSyncScheduler.onReceive(SourceFile:42)
08-21 17:11:46.457 12868 12868 E AndroidRuntime: Process: com.nononsenseapps.notepad, PID: 12868
08-21 17:11:46.457 12868 12868 E AndroidRuntime: java.lang.RuntimeException: Unable to start receiver com.nononsenseapps.notepad.sync.orgsync.BackgroundSyncScheduler: java.lang.IllegalStateException: Not allowed to start service Intent { act=com.nononsenseapps.notepad.sync.START cmp=com.nononsenseapps.notepad/.sync.orgsync.OrgSyncService }: app is in background uid UidRecord{864df7 u0a834 RCVR idle change:idle|uncached procs:1 seq(0,0,0)}
08-21 17:11:46.457 12868 12868 E AndroidRuntime: Caused by: java.lang.IllegalStateException: Not allowed to start service Intent { act=com.nononsenseapps.notepad.sync.START cmp=com.nononsenseapps.notepad/.sync.orgsync.OrgSyncService }: app is in background uid UidRecord{864df7 u0a834 RCVR idle change:idle|uncached procs:1 seq(0,0,0)}
08-21 17:11:46.457 12868 12868 E AndroidRuntime: 	at com.nononsenseapps.notepad.sync.orgsync.OrgSyncService.start(SourceFile:21)
08-21 17:11:46.457 12868 12868 E AndroidRuntime: 	at com.nononsenseapps.notepad.sync.orgsync.BackgroundSyncScheduler.onReceive(SourceFile:42)
08-21 17:40:52.398 24300 24300 E AndroidRuntime: Process: com.nononsenseapps.notepad, PID: 24300
08-21 17:40:52.398 24300 24300 E AndroidRuntime: java.lang.RuntimeException: Unable to start receiver com.nononsenseapps.notepad.sync.orgsync.BackgroundSyncScheduler: java.lang.IllegalStateException: Not allowed to start service Intent { act=com.nononsenseapps.notepad.sync.START cmp=com.nononsenseapps.notepad/.sync.orgsync.OrgSyncService }: app is in background uid UidRecord{458126f u0a834 RCVR idle change:uncached procs:1 seq(0,0,0)}
08-21 17:40:52.398 24300 24300 E AndroidRuntime: Caused by: java.lang.IllegalStateException: Not allowed to start service Intent { act=com.nononsenseapps.notepad.sync.START cmp=com.nononsenseapps.notepad/.sync.orgsync.OrgSyncService }: app is in background uid UidRecord{458126f u0a834 RCVR idle change:uncached procs:1 seq(0,0,0)}
08-21 17:40:52.398 24300 24300 E AndroidRuntime: 	at com.nononsenseapps.notepad.sync.orgsync.OrgSyncService.start(SourceFile:21)
08-21 17:40:52.398 24300 24300 E AndroidRuntime: 	at com.nononsenseapps.notepad.sync.orgsync.BackgroundSyncScheduler.onReceive(SourceFile:42)
08-21 21:07:45.604  3138  3428 I ApplicationPolicy: isApplicationExternalStorageWhitelisted:com.nononsenseapps.notepad user:0
08-21 21:07:45.604  3138  3428 I ApplicationPolicy: isApplicationExternalStorageBlacklisted:com.nononsenseapps.notepad user:0
08-21 21:07:45.604  3138  3428 I ApplicationPolicy: isApplicationExternalStorageBlacklisted:com.nononsenseapps.notepad user:0
08-21 21:07:45.891  2736  2790 I SurfaceFlinger: createSurf start. lock debugging [AppWindowToken{c7e38ca token=Token{e5f7c35 ActivityRecord{7754e6c u0 com.nononsenseapps.notepad/.activities.main.ActivityMain_ t3055}}}]
08-21 21:07:45.891  2736  2790 I SurfaceFlinger: id=15517 createSurf (0x0),-1 flag=80004, AppWindowToken{c7e38ca token=Token{e5f7c35 ActivityRecord{7754e6c u0 com.nononsenseapps.notepad/.activities.main.ActivityMain_ t3055}}}#0
08-21 21:07:45.981  3138  3164 D CodecSolution: isMaxAspectPackageEx: com.nononsenseapps.notepad : false(0)
08-21 21:07:45.983  3138  3167 D PhoneWindow: forceLight changed to true [Splash Screen com.nononsenseapps.notepad] from com.android.internal.policy.PhoneWindow.updateForceLightNavigationBar:4238 com.android.internal.policy.DecorView.updateColorViews:1510 com.android.internal.policy.PhoneWindow.dispatchWindowAttributesChanged:3216 android.view.Window.setFlags:1148 com.android.internal.policy.PhoneWindow.generateLayout:2444 
08-21 21:07:46.012  2736  2790 I SurfaceFlinger: createSurf start. lock debugging [b7e687a Splash Screen com.nononsenseapps.notepad]
08-21 21:07:46.012  2736  2790 I SurfaceFlinger: id=15518 createSurf (0x0),-1 flag=80004, b7e687a Splash Screen com.nononsenseapps.notepad#0
08-21 21:07:46.024  3138  3167 V WindowManager: Relayout Window{b7e687a u0 Splash Screen com.nononsenseapps.notepad}: viewVisibility=0 req=720x1280
08-21 21:07:46.027  2736  3918 I SurfaceFlinger: createSurf start. lock debugging [Splash Screen com.nononsenseapps.notepad]
08-21 21:07:46.028  2736  3918 I SurfaceFlinger: id=15519 createSurf (720x1280),1 flag=404, Splash Screen com.nononsenseapps.notepad#0
08-21 21:07:46.075  2736  3918 I SurfaceFlinger: createSurf start. lock debugging [Surface(name=AppWindowToken{c7e38ca token=Token{e5f7c35 ActivityRecord{7754e6c u0 com.nononsenseapps.notepad/.activities.main.ActivityMain_ t3055}}})/@0xc6c3134 - animation-leash]
08-21 21:07:46.076  2736  3918 I SurfaceFlinger: id=15521 createSurf (0x0),-1 flag=80004, Surface(name=AppWindowToken{c7e38ca token=Token{e5f7c35 ActivityRecord{7754e6c u0 com.nononsenseapps.notepad/.activities.main.ActivityMain_ t3055}}})/@0xc6c3134 - animation-leash#0
08-21 21:07:46.084  3138  3164 D WindowManager: setSystemUiVisibility: displayId=0, vis=0x8018, fullVis=0x0, dockVis=0x0, win=Window{b7e687a u0 Splash Screen com.nononsenseapps.notepad}
08-21 21:07:46.140  2736  2736 I SurfaceFlinger:      CLIENT | 0xee530b40 | 0002 | RGBA_8888 |   0.0    0.0  720.0 1280.0 |    0    0  720 1280 | Splash Screen com.nononsenseapps.notepad#0
08-21 21:07:46.271  2736  2790 I Layer   : id=15521 removeFromCurrentState Surface(name=AppWindowToken{c7e38ca token=Token{e5f7c35 ActivityRecord{7754e6c u0 com.nononsenseapps.notepad/.activities.main.ActivityMain_ t3055}}})/@0xc6c3134 - animation-leash#0 (61)
08-21 21:07:46.282  2736  2736 E Layer   : [Surface(name=AppWindowToken{c7e38ca token=Token{e5f7c35 ActivityRecord{7754e6c u0 com.nononsenseapps.notepad/.activities.main.ActivityMain_ t3055}}})/@0xc6c3134 - animation-leash#0] No local sync point found, barrierLayer : [com.sec.android.app.launcher/com.sec.android.app.launcher.activities.LauncherActivity$_3880#0]
08-21 21:07:46.287  2736  2736 I SurfaceFlinger:      DEVICE | 0xee530b40 | 0002 | RGBA_8888 |   0.0    0.0  720.0 1280.0 |    0    0  720 1280 | Splash Screen com.nononsenseapps.notepad#0
08-21 21:07:46.370  2736  3918 I SurfaceFlinger: createSurf start. lock debugging [7914a56 com.nononsenseapps.notepad/com.nononsenseapps.notepad.activities.main.ActivityMain_]
08-21 21:07:46.370  2736  3918 I SurfaceFlinger: id=15523 createSurf (0x0),-1 flag=80004, 7914a56 com.nononsenseapps.notepad/com.nononsenseapps.notepad.activities.main.ActivityMain_#0
08-21 21:07:46.461  3138  4565 V WindowManager: Relayout Window{7914a56 u0 com.nononsenseapps.notepad/com.nononsenseapps.notepad.activities.main.ActivityMain_}: viewVisibility=0 req=720x1280
08-21 21:07:46.463  2736  2790 I SurfaceFlinger: createSurf start. lock debugging [com.nononsenseapps.notepad/com.nononsenseapps.notepad.activities.main.ActivityMain_$_22386]
08-21 21:07:46.463  2736  2790 I SurfaceFlinger: id=15524 createSurf (720x1280),1 flag=404, com.nononsenseapps.notepad/com.nononsenseapps.notepad.activities.main.ActivityMain_$_22386#0
08-21 21:07:46.466  3138  3164 D WindowManager: setSystemUiVisibility: displayId=0, vis=0x8518, fullVis=0x0, dockVis=0x0, win=Window{7914a56 u0 com.nononsenseapps.notepad/com.nononsenseapps.notepad.activities.main.ActivityMain_}
08-21 21:07:46.613  2736  3918 I SurfaceFlinger: createSurf start. lock debugging [Surface(name=b7e687a Splash Screen com.nononsenseapps.notepad)/@0x869378d - animation-leash]
08-21 21:07:46.613  2736  3918 I SurfaceFlinger: id=15525 createSurf (0x0),-1 flag=80004, Surface(name=b7e687a Splash Screen com.nononsenseapps.notepad)/@0x869378d - animation-leash#0
08-21 21:07:46.635  3138  3171 I ActivityTaskManager: Displayed com.nononsenseapps.notepad/.activities.main.ActivityMain_: +760ms
08-21 21:07:46.658  2736  2736 I SurfaceFlinger:      DEVICE | 0xee531680 | 0002 | RGBA_8888 |   0.0    0.0  720.0 1280.0 |    0    0  720 1280 | com.nononsenseapps.notepad/com.nonon[...]tivities.main.ActivityMain_$_22386#0
08-21 21:07:46.658  2736  2736 I SurfaceFlinger:      CLIENT | 0xee530b40 | 0002 | RGBA_8888 |   0.0    0.0  720.0 1280.0 |    0    0  720 1280 | Splash Screen com.nononsenseapps.notepad#0
08-21 21:07:46.672  3138  3401 W WifiTransportLayerUtils: getApplicationCategory - IOException com.nononsenseapps.notepad
08-21 21:07:46.677  2736  2790 I Layer   : id=15519 removeFromCurrentState Splash Screen com.nononsenseapps.notepad#0 (64)
08-21 21:07:46.681  2736  2790 I Layer   : id=15518 removeFromCurrentState b7e687a Splash Screen com.nononsenseapps.notepad#0 (64)
08-21 21:07:46.681  2736  2790 I Layer   : id=15525 removeFromCurrentState Surface(name=b7e687a Splash Screen com.nononsenseapps.notepad)/@0x869378d - animation-leash#0 (64)
08-21 21:07:46.685  2736  2850 I SurfaceFlinger: id=15518 Removed b7e687a Splash Screen com.nononsenseapps.notepad#0 (64)
08-21 21:07:46.685  2736  2850 I SurfaceFlinger: id=15525 Removed Surface(name=b7e687a Splash Screen com.nononsenseapps.notepad)/@0x869378d - animation-leash#0 (64)
08-21 21:07:46.685  2736  2850 I SurfaceFlinger: id=15519 Removed Splash Screen com.nononsenseapps.notepad#0 (64)
08-21 21:07:46.686  2736  2736 I SurfaceFlinger:      DEVICE | 0xee531680 | 0002 | RGBA_8888 |   0.0    0.0  720.0 1280.0 |    0    0  720 1280 | com.nononsenseapps.notepad/com.nonon[...]tivities.main.ActivityMain_$_22386#0
08-21 21:07:46.700  2736  2736 I Layer   : id=15519[1] Destroyed Splash Screen com.nononsenseapps.notepad#0
08-21 21:07:46.700  2736  2736 I Layer   : id=15518[1] Destroyed b7e687a Splash Screen com.nononsenseapps.notepad#0
08-21 21:07:46.700  2736  2736 I Layer   : id=15525[1] Destroyed Surface(name=b7e687a Splash Screen com.nononsenseapps.notepad)/@0x869378d - animation-leash#0
08-21 21:07:46.755 22386 22386 V InputMethodManager: Starting input: tba=com.nononsenseapps.notepad ic=null mNaviBarColor -855310 mIsGetNaviBarColorSuccess true , NavVisible : true , NavTrans : false
08-21 21:07:46.926 22386 22386 V InputMethodManager: Starting input: tba=com.nononsenseapps.notepad ic=null mNaviBarColor -855310 mIsGetNaviBarColorSuccess true , NavVisible : true , NavTrans : false
08-21 21:07:47.017  2736  2790 I SurfaceFlinger: id=15521 Removed Surface(name=AppWindowToken{c7e38ca token=Token{e5f7c35 ActivityRecord{7754e6c u0 com.nononsenseapps.notepad/.activities.main.ActivityMain_ t3055}}})/@0xc6c3134 - animation-leash#0 (60)
08-21 21:07:47.034  2736  2736 I Layer   : id=15521[1] Destroyed Surface(name=AppWindowToken{c7e38ca token=Token{e5f7c35 ActivityRecord{7754e6c u0 com.nononsenseapps.notepad/.activities.main.ActivityMain_ t3055}}})/@0xc6c3134 - animation-leash#0
08-21 21:07:47.042  3138  3164 D CodecSolution: isMaxAspectPackageEx: com.nononsenseapps.notepad : false(0)
08-21 21:07:49.702 22386 22386 D NNN     : TaskDetailFragment: fillUI, activity: com.nononsenseapps.notepad.activities.main.ActivityMain_@365d51d
08-21 21:07:49.720 22386 22386 D EmergencyMode: [EmergencyManager] android createPackageContext successful: com.nononsenseapps.notepad
08-21 21:07:49.741 22386 22386 D InputMethodManager: SSI - flag : 1 Pid : 22386 view : com.nononsenseapps.notepad
08-21 21:07:49.750 22386 22386 V InputMethodManager: Starting input: tba=com.nononsenseapps.notepad ic=androidx.emoji2.viewsintegration.EmojiInputConnection@766ac55 mNaviBarColor -855310 mIsGetNaviBarColorSuccess true , NavVisible : true , NavTrans : false
08-21 21:07:49.851  3138  5356 V WindowManager: Relayout Window{7914a56 u0 com.nononsenseapps.notepad/com.nononsenseapps.notepad.activities.main.ActivityMain_}: viewVisibility=0 req=720x1280
08-21 21:07:50.426  3138  3164 D WindowManager: setSystemUiVisibility: displayId=0, vis=0x8508, fullVis=0x0, dockVis=0x0, win=Window{7914a56 u0 com.nononsenseapps.notepad/com.nononsenseapps.notepad.activities.main.ActivityMain_}
08-21 21:07:50.455  3138  5356 V WindowManager: Relayout Window{7914a56 u0 com.nononsenseapps.notepad/com.nononsenseapps.notepad.activities.main.ActivityMain_}: viewVisibility=0 req=720x1280
08-21 21:07:50.864  2736  2736 I SurfaceFlinger:      DEVICE | 0xee531680 | 0002 | RGBA_8888 |   0.0    0.0  720.0 1280.0 |    0    0  720 1280 | com.nononsenseapps.notepad/com.nonon[...]tivities.main.ActivityMain_$_22386#0
08-21 21:07:51.515 22386 22536 D ProfileInstaller: Skipping profile installation for com.nononsenseapps.notepad
08-21 21:07:52.668  2736  2736 I SurfaceFlinger:      DEVICE | 0xee531e00 | 0002 | RGBA_8888 |   0.0    0.0  720.0 1280.0 |    0    0  720 1280 | com.nononsenseapps.notepad/com.nonon[...]tivities.main.ActivityMain_$_22386#0
08-21 21:07:52.937  2736  2736 I SurfaceFlinger:      DEVICE | 0xee531680 | 0002 | RGBA_8888 |   0.0    0.0  720.0 1280.0 |    0    0  720 1280 | com.nononsenseapps.notepad/com.nonon[...]tivities.main.ActivityMain_$_22386#0
08-21 21:07:55.689  2736  2736 I SurfaceFlinger:      DEVICE | 0xee531e00 | 0002 | RGBA_8888 |   0.0    0.0  720.0 1280.0 |    0    0  720 1280 | com.nononsenseapps.notepad/com.nonon[...]tivities.main.ActivityMain_$_22386#0
08-21 21:07:56.912  2736  2736 I SurfaceFlinger:      DEVICE | 0xee531e00 | 0002 | RGBA_8888 |   0.0    0.0  720.0 1280.0 |    0    0  720 1280 | com.nononsenseapps.notepad/com.nonon[...]tivities.main.ActivityMain_$_22386#0
08-21 21:07:59.080  2736  2736 I SurfaceFlinger:      DEVICE | 0xee531e00 | 0002 | RGBA_8888 |   0.0    0.0  720.0 1280.0 |    0    0  720 1280 | com.nononsenseapps.notepad/com.nonon[...]tivities.main.ActivityMain_$_22386#0
08-21 21:08:01.036  2736  2736 I SurfaceFlinger:      DEVICE | 0xee532800 | 0002 | RGBA_8888 |   0.0    0.0  720.0 1280.0 |    0    0  720 1280 | com.nononsenseapps.notepad/com.nonon[...]tivities.main.ActivityMain_$_22386#0
08-21 21:08:02.920  2736  2736 I SurfaceFlinger:      DEVICE | 0xee532800 | 0002 | RGBA_8888 |   0.0    0.0  720.0 1280.0 |    0    0  720 1280 | com.nononsenseapps.notepad/com.nonon[...]tivities.main.ActivityMain_$_22386#0
08-21 21:08:03.992  2736  2736 I SurfaceFlinger:      DEVICE | 0xee531e00 | 0002 | RGBA_8888 |   0.0    0.0  720.0 1280.0 |    0    0  720 1280 | com.nononsenseapps.notepad/com.nonon[...]tivities.main.ActivityMain_$_22386#0
08-21 21:08:05.009  2736  2736 I SurfaceFlinger:      DEVICE | 0xee531e00 | 0002 | RGBA_8888 |   0.0    0.0  720.0 1280.0 |    0    0  720 1280 | com.nononsenseapps.notepad/com.nonon[...]tivities.main.ActivityMain_$_22386#0
08-21 21:08:05.560  2736  2736 I SurfaceFlinger:      DEVICE | 0xee531680 | 0002 | RGBA_8888 |   0.0    0.0  720.0 1280.0 |    0    0  720 1280 | com.nononsenseapps.notepad/com.nonon[...]tivities.main.ActivityMain_$_22386#0
08-21 21:08:07.379  2736  2736 I SurfaceFlinger:      DEVICE | 0xee531680 | 0002 | RGBA_8888 |   0.0    0.0  720.0 1280.0 |    0    0  720 1280 | com.nononsenseapps.notepad/com.nonon[...]tivities.main.ActivityMain_$_22386#0
08-21 21:08:08.971  2736  2736 I SurfaceFlinger:      DEVICE | 0xee532800 | 0002 | RGBA_8888 |   0.0    0.0  720.0 1280.0 |    0    0  720 1280 | com.nononsenseapps.notepad/com.nonon[...]tivities.main.ActivityMain_$_22386#0
08-21 21:08:09.835  2736  2736 I SurfaceFlinger:      DEVICE | 0xee532800 | 0002 | RGBA_8888 |   0.0    0.0  720.0 1280.0 |    0    0  720 1280 | com.nononsenseapps.notepad/com.nonon[...]tivities.main.ActivityMain_$_22386#0
08-21 21:08:16.066  2736  2736 I SurfaceFlinger:      DEVICE | 0xee532800 | 0002 | RGBA_8888 |   0.0    0.0  720.0 1280.0 |    0    0  720 1280 | com.nononsenseapps.notepad/com.nonon[...]tivities.main.ActivityMain_$_22386#0
08-21 21:08:19.099  2736  2736 I SurfaceFlinger:      DEVICE | 0xee532800 | 0002 | RGBA_8888 |   0.0    0.0  720.0 1280.0 |    0    0  720 1280 | com.nononsenseapps.notepad/com.nonon[...]tivities.main.ActivityMain_$_22386#0
08-21 21:08:23.679  2736  2736 I SurfaceFlinger:      DEVICE | 0xee531e00 | 0002 | RGBA_8888 |   0.0    0.0  720.0 1280.0 |    0    0  720 1280 | com.nononsenseapps.notepad/com.nonon[...]tivities.main.ActivityMain_$_22386#0
08-21 21:08:24.614  2736  2736 I SurfaceFlinger:      DEVICE | 0xee532800 | 0002 | RGBA_8888 |   0.0    0.0  720.0 1280.0 |    0    0  720 1280 | com.nononsenseapps.notepad/com.nonon[...]tivities.main.ActivityMain_$_22386#0
08-21 21:08:25.314  2736  2736 I SurfaceFlinger:      DEVICE | 0xee531680 | 0002 | RGBA_8888 |   0.0    0.0  720.0 1280.0 |    0    0  720 1280 | com.nononsenseapps.notepad/com.nonon[...]tivities.main.ActivityMain_$_22386#0
08-21 21:08:26.031  2736  2736 I SurfaceFlinger:      DEVICE | 0xee531e00 | 0002 | RGBA_8888 |   0.0    0.0  720.0 1280.0 |    0    0  720 1280 | com.nononsenseapps.notepad/com.nonon[...]tivities.main.ActivityMain_$_22386#0
08-21 21:08:29.774  2736  2736 I SurfaceFlinger:      CLIENT | 0xee531e00 | 0002 | RGBA_8888 |   0.0    0.0  720.0 1280.0 |    0    0  720 1280 | com.nononsenseapps.notepad/com.nonon[...]tivities.main.ActivityMain_$_22386#0
08-21 21:08:30.136  3138  3164 D WindowManager: setSystemUiVisibility: displayId=0, vis=0x8518, fullVis=0x0, dockVis=0x0, win=Window{7914a56 u0 com.nononsenseapps.notepad/com.nononsenseapps.notepad.activities.main.ActivityMain_}
08-21 21:08:30.205  3138  4567 V WindowManager: Relayout Window{7914a56 u0 com.nononsenseapps.notepad/com.nononsenseapps.notepad.activities.main.ActivityMain_}: viewVisibility=0 req=720x1280
08-21 21:08:30.321  2736  2736 I SurfaceFlinger:      DEVICE | 0xee531e00 | 0002 | RGBA_8888 |   0.0    0.0  720.0 1280.0 |    0    0  720 1280 | com.nononsenseapps.notepad/com.nonon[...]tivities.main.ActivityMain_$_22386#0
08-21 21:08:34.886 22386 22386 D NNN     : TaskDetailFragment: fillUI, activity: com.nononsenseapps.notepad.activities.main.ActivityMain_@365d51d
08-21 21:08:35.070 22386 22386 V InputMethodManager: Starting input: tba=com.nononsenseapps.notepad ic=androidx.emoji2.viewsintegration.EmojiInputConnection@d3ca59b mNaviBarColor -855310 mIsGetNaviBarColorSuccess true , NavVisible : true , NavTrans : false
08-21 21:08:35.115  2736  2736 I SurfaceFlinger:      DEVICE | 0xee532800 | 0002 | RGBA_8888 |   0.0    0.0  720.0 1280.0 |    0    0  720 1280 | com.nononsenseapps.notepad/com.nonon[...]tivities.main.ActivityMain_$_22386#0
08-21 21:08:37.229 22386 22386 D InputMethodManager: SSI - flag : 0 Pid : 22386 view : com.nononsenseapps.notepad
08-21 21:08:37.419  3138  4567 V WindowManager: Relayout Window{7914a56 u0 com.nononsenseapps.notepad/com.nononsenseapps.notepad.activities.main.ActivityMain_}: viewVisibility=0 req=720x1280
08-21 21:08:37.551  2736  2736 I SurfaceFlinger:      DEVICE | 0xee531680 | 0002 | RGBA_8888 |   0.0    0.0  720.0 1280.0 |    0    0  720 1280 | com.nononsenseapps.notepad/com.nonon[...]tivities.main.ActivityMain_$_22386#0
08-21 21:08:38.508  2736  2736 I SurfaceFlinger:      DEVICE | 0xee531680 | 0002 | RGBA_8888 |   0.0    0.0  720.0 1280.0 |    0    0  720 1280 | com.nononsenseapps.notepad/com.nonon[...]tivities.main.ActivityMain_$_22386#0
08-21 21:08:40.276 22386 22386 D NNN     : TaskDetailFragment: fillUI, activity: com.nononsenseapps.notepad.activities.main.ActivityMain_@365d51d
08-21 21:08:40.298  3138  3164 D WindowManager: setSystemUiVisibility: displayId=0, vis=0x8508, fullVis=0x0, dockVis=0x0, win=Window{7914a56 u0 com.nononsenseapps.notepad/com.nononsenseapps.notepad.activities.main.ActivityMain_}
08-21 21:08:40.315 22386 22386 V InputMethodManager: Starting input: tba=com.nononsenseapps.notepad ic=null mNaviBarColor -855310 mIsGetNaviBarColorSuccess true , NavVisible : true , NavTrans : false
08-21 21:08:40.359  2736  2736 I SurfaceFlinger:      DEVICE | 0xee531e00 | 0002 | RGBA_8888 |   0.0    0.0  720.0 1280.0 |    0    0  720 1280 | com.nononsenseapps.notepad/com.nonon[...]tivities.main.ActivityMain_$_22386#0
08-21 21:08:40.423  2736  2736 I SurfaceFlinger:      DEVICE | 0xee531e00 | 0002 | RGBA_8888 |   0.0    0.0  720.0 1280.0 |    0    0  720 1280 | com.nononsenseapps.notepad/com.nonon[...]tivities.main.ActivityMain_$_22386#0
08-21 21:08:40.427  3138  3164 D WindowManager: setSystemUiVisibility: displayId=0, vis=0x8518, fullVis=0x0, dockVis=0x0, win=Window{7914a56 u0 com.nononsenseapps.notepad/com.nononsenseapps.notepad.activities.main.ActivityMain_}
08-21 21:08:40.441  3138  5154 V WindowManager: Relayout Window{7914a56 u0 com.nononsenseapps.notepad/com.nononsenseapps.notepad.activities.main.ActivityMain_}: viewVisibility=0 req=720x1280
08-21 21:08:40.609  2736  2736 I SurfaceFlinger:      DEVICE | 0xee532800 | 0002 | RGBA_8888 |   0.0    0.0  720.0 1280.0 |    0    0  720 1280 | com.nononsenseapps.notepad/com.nonon[...]tivities.main.ActivityMain_$_22386#0
08-21 21:08:40.639  2736  2736 I SurfaceFlinger:      DEVICE | 0xee532800 | 0002 | RGBA_8888 |   0.0    0.0  720.0 1280.0 |    0    0  720 1280 | com.nononsenseapps.notepad/com.nonon[...]tivities.main.ActivityMain_$_22386#0
08-21 21:08:41.387 22386 22386 V InputMethodManager: Starting input: tba=com.nononsenseapps.notepad ic=androidx.emoji2.viewsintegration.EmojiInputConnection@5422d3b mNaviBarColor -855310 mIsGetNaviBarColorSuccess true , NavVisible : true , NavTrans : false
08-21 21:08:41.425  2736  2736 I SurfaceFlinger:      DEVICE | 0xee532800 | 0002 | RGBA_8888 |   0.0    0.0  720.0 1280.0 |    0    0  720 1280 | com.nononsenseapps.notepad/com.nonon[...]tivities.main.ActivityMain_$_22386#0
08-21 21:08:43.073 22386 22386 D InputMethodManager: SSI - flag : 0 Pid : 22386 view : com.nononsenseapps.notepad
08-21 21:08:43.168  3138  5154 V WindowManager: Relayout Window{7914a56 u0 com.nononsenseapps.notepad/com.nononsenseapps.notepad.activities.main.ActivityMain_}: viewVisibility=0 req=720x1280
08-21 21:08:43.211  2736  2736 I SurfaceFlinger:      DEVICE | 0xee531680 | 0002 | RGBA_8888 |   0.0    0.0  720.0 1280.0 |    0    0  720 1280 | com.nononsenseapps.notepad/com.nonon[...]tivities.main.ActivityMain_$_22386#0
08-21 21:08:44.082  2736  2736 I SurfaceFlinger:      DEVICE | 0xee532800 | 0002 | RGBA_8888 |   0.0    0.0  720.0 1280.0 |    0    0  720 1280 | com.nononsenseapps.notepad/com.nonon[...]tivities.main.ActivityMain_$_22386#0
08-21 21:08:45.888  3138  3164 D WindowManager: setSystemUiVisibility: displayId=0, vis=0x8508, fullVis=0x0, dockVis=0x0, win=Window{7914a56 u0 com.nononsenseapps.notepad/com.nononsenseapps.notepad.activities.main.ActivityMain_}
08-21 21:08:45.956  2736  3918 I SurfaceFlinger: createSurf start. lock debugging [8014827 com.nononsenseapps.notepad/com.nononsenseapps.notepad.activities.main.ActivityMain_]
08-21 21:08:45.956  2736  3918 I SurfaceFlinger: id=15586 createSurf (0x0),-1 flag=80004, 8014827 com.nononsenseapps.notepad/com.nononsenseapps.notepad.activities.main.ActivityMain_#0
08-21 21:08:45.958  3138  3164 D WindowManager: setSystemUiVisibility: displayId=0, vis=0x8008, fullVis=0x0, dockVis=0x0, win=Window{8014827 u0 com.nononsenseapps.notepad/com.nononsenseapps.notepad.activities.main.ActivityMain_}
08-21 21:08:45.978  3138  4524 V WindowManager: Relayout Window{8014827 u0 com.nononsenseapps.notepad/com.nononsenseapps.notepad.activities.main.ActivityMain_}: viewVisibility=0 req=317x337
08-21 21:08:45.985  2736  2790 I SurfaceFlinger: createSurf start. lock debugging [com.nononsenseapps.notepad/com.nononsenseapps.notepad.activities.main.ActivityMain_$_22386]
08-21 21:08:45.985  2736  2790 I SurfaceFlinger: id=15587 createSurf (325x345),1 flag=4, com.nononsenseapps.notepad/com.nononsenseapps.notepad.activities.main.ActivityMain_$_22386#1
08-21 21:08:46.018  2736  2736 I SurfaceFlinger:      DEVICE | 0xee532800 | 0002 | RGBA_8888 |   0.0    0.0  720.0 1280.0 |    0    0  720 1280 | com.nononsenseapps.notepad/com.nonon[...]tivities.main.ActivityMain_$_22386#0
08-21 21:08:46.023 22386 22386 V InputMethodManager: Starting input: tba=com.nononsenseapps.notepad ic=null mNaviBarColor -855310 mIsGetNaviBarColorSuccess true , NavVisible : true , NavTrans : false
08-21 21:08:46.024  2736  2850 I SurfaceFlinger: createSurf start. lock debugging [Surface(name=8014827 com.nononsenseapps.notepad/com.nononsenseapps.notepad.activities.main.ActivityMain_)/@0xbf3cf72 - animation-leash]
08-21 21:08:46.024  2736  2850 I SurfaceFlinger: id=15588 createSurf (0x0),-1 flag=80004, Surface(name=8014827 com.nononsenseapps.notepad/com.nononsenseapps.notepad.activities.main.ActivityMain_)/@0xbf3cf72 - animation-leash#0
08-21 21:08:46.071  2736  2736 I SurfaceFlinger:      DEVICE | 0xee531e00 | 0002 | RGBA_8888 |   0.0    0.0  720.0 1280.0 |    0    0  720 1280 | com.nononsenseapps.notepad/com.nonon[...]tivities.main.ActivityMain_$_22386#0
08-21 21:08:46.071  2736  2736 I SurfaceFlinger:      CLIENT | 0xee531cc0 | 0000 | RGBA_8888 |   0.0    0.0  325.0  295.0 |  197  984  522 1280 | com.nononsenseapps.notepad/com.nonon[...]tivities.main.ActivityMain_$_22386#1
08-21 21:08:46.085  2736  2736 I SurfaceFlinger:      DEVICE | 0xee531680 | 0002 | RGBA_8888 |   0.0    0.0  720.0 1280.0 |    0    0  720 1280 | com.nononsenseapps.notepad/com.nonon[...]tivities.main.ActivityMain_$_22386#0
08-21 21:08:46.085  2736  2736 I SurfaceFlinger:      CLIENT | 0xee531cc0 | 0000 | RGBA_8888 |   0.0    0.0  325.0  302.0 |  197  978  522 1280 | com.nononsenseapps.notepad/com.nonon[...]tivities.main.ActivityMain_$_22386#1
08-21 21:08:46.163  3138  5155 V WindowManager: Relayout Window{7914a56 u0 com.nononsenseapps.notepad/com.nononsenseapps.notepad.activities.main.ActivityMain_}: viewVisibility=0 req=720x1280
08-21 21:08:46.218  2736  2736 I SurfaceFlinger:      DEVICE | 0xee531e00 | 0002 | RGBA_8888 |   0.0    0.0  720.0 1280.0 |    0    0  720 1280 | com.nononsenseapps.notepad/com.nonon[...]tivities.main.ActivityMain_$_22386#0
08-21 21:08:46.218  2736  2736 I SurfaceFlinger:      CLIENT | 0xee531cc0 | 0000 | RGBA_8888 |   0.0    0.0  325.0  335.0 |  197  944  522 1280 | com.nononsenseapps.notepad/com.nonon[...]tivities.main.ActivityMain_$_22386#1
08-21 21:08:46.336  2736  4288 I Layer   : id=15588 removeFromCurrentState Surface(name=8014827 com.nononsenseapps.notepad/com.nononsenseapps.notepad.activities.main.ActivityMain_)/@0xbf3cf72 - animation-leash#0 (66)
08-21 21:08:46.337  2736  2736 I SurfaceFlinger:      DEVICE | 0xee531e00 | 0002 | RGBA_8888 |   0.0    0.0  720.0 1280.0 |    0    0  720 1280 | com.nononsenseapps.notepad/com.nonon[...]tivities.main.ActivityMain_$_22386#0
08-21 21:08:46.337  2736  2736 I SurfaceFlinger:      CLIENT | 0xee531cc0 | 0000 | RGBA_8888 |   0.0    0.0  325.0  341.0 |  197  939  522 1280 | com.nononsenseapps.notepad/com.nonon[...]tivities.main.ActivityMain_$_22386#1
08-21 21:08:46.338  2736  4288 I SurfaceFlinger: id=15588 Removed Surface(name=8014827 com.nononsenseapps.notepad/com.nononsenseapps.notepad.activities.main.ActivityMain_)/@0xbf3cf72 - animation-leash#0 (66)
08-21 21:08:46.345  2736  2736 I Layer   : id=15588[1] Destroyed Surface(name=8014827 com.nononsenseapps.notepad/com.nononsenseapps.notepad.activities.main.ActivityMain_)/@0xbf3cf72 - animation-leash#0
08-21 21:08:47.863  2736  2790 E BufferQueueProducer: [com.nononsenseapps.notepad/com.nononsenseapps.notepad.activities.main.ActivityMain_$_22386#1] disconnect: not connected (req=1)
08-21 21:08:47.865  2736  3918 I SurfaceFlinger: createSurf start. lock debugging [Surface(name=8014827 com.nononsenseapps.notepad/com.nononsenseapps.notepad.activities.main.ActivityMain_)/@0xbf3cf72 - animation-leash]
