08-21 21:08:47.866  2736  3918 I SurfaceFlinger: id=15593 createSurf (0x0),-1 flag=80004, Surface(name=8014827 com.nononsenseapps.notepad/com.nononsenseapps.notepad.activities.main.ActivityMain_)/@0xbf3cf72 - animation-leash#0
08-21 21:08:47.868  3138  3164 D WindowManager: setSystemUiVisibility: displayId=0, vis=0x8508, fullVis=0x0, dockVis=0x0, win=Window{7914a56 u0 com.nononsenseapps.notepad/com.nononsenseapps.notepad.activities.main.ActivityMain_}
08-21 21:08:47.873  3138  3164 D WindowManager: setSystemUiVisibility: displayId=0, vis=0x8518, fullVis=0x0, dockVis=0x0, win=Window{7914a56 u0 com.nononsenseapps.notepad/com.nononsenseapps.notepad.activities.main.ActivityMain_}
08-21 21:08:47.886  3138  4567 E InputDispatcher: Window handle Window{8014827 u0 com.nononsenseapps.notepad/com.nononsenseapps.notepad.activities.main.ActivityMain_} has no registered input channel
08-21 21:08:48.003  2736  2736 I SurfaceFlinger:      DEVICE | 0xee531e00 | 0002 | RGBA_8888 |   0.0    0.0  720.0 1280.0 |    0    0  720 1280 | com.nononsenseapps.notepad/com.nonon[...]tivities.main.ActivityMain_$_22386#0
08-21 21:08:48.138  2736  2736 I SurfaceFlinger:      DEVICE | 0xee532800 | 0002 | RGBA_8888 |   0.0    0.0  720.0 1280.0 |    0    0  720 1280 | com.nononsenseapps.notepad/com.nonon[...]tivities.main.ActivityMain_$_22386#0
08-21 21:08:48.184  2736  2789 I Layer   : id=15587 removeFromCurrentState com.nononsenseapps.notepad/com.nononsenseapps.notepad.activities.main.ActivityMain_$_22386#1 (68)
08-21 21:08:48.187  2736  2789 I Layer   : id=15586 removeFromCurrentState 8014827 com.nononsenseapps.notepad/com.nononsenseapps.notepad.activities.main.ActivityMain_#0 (68)
08-21 21:08:48.187  2736  2789 I Layer   : id=15593 removeFromCurrentState Surface(name=8014827 com.nononsenseapps.notepad/com.nononsenseapps.notepad.activities.main.ActivityMain_)/@0xbf3cf72 - animation-leash#0 (68)
08-21 21:08:48.189  2736  2790 I SurfaceFlinger: id=15593 Removed Surface(name=8014827 com.nononsenseapps.notepad/com.nononsenseapps.notepad.activities.main.ActivityMain_)/@0xbf3cf72 - animation-leash#0 (68)
08-21 21:08:48.189  2736  2790 I SurfaceFlinger: id=15587 Removed com.nononsenseapps.notepad/com.nononsenseapps.notepad.activities.main.ActivityMain_$_22386#1 (68)
08-21 21:08:48.199  2736  2736 I Layer   : id=15593[1] Destroyed Surface(name=8014827 com.nononsenseapps.notepad/com.nononsenseapps.notepad.activities.main.ActivityMain_)/@0xbf3cf72 - animation-leash#0
08-21 21:08:48.199  2736  2736 I Layer   : id=15587[1] Destroyed com.nononsenseapps.notepad/com.nononsenseapps.notepad.activities.main.ActivityMain_$_22386#1
08-21 21:08:48.205  2736  2736 I SurfaceFlinger:      DEVICE | 0xee531e00 | 0002 | RGBA_8888 |   0.0    0.0  720.0 1280.0 |    0    0  720 1280 | com.nononsenseapps.notepad/com.nonon[...]tivities.main.ActivityMain_$_22386#0
08-21 21:08:50.360  2736  2736 I SurfaceFlinger:      DEVICE | 0xee532800 | 0002 | RGBA_8888 |   0.0    0.0  720.0 1280.0 |    0    0  720 1280 | com.nononsenseapps.notepad/com.nonon[...]tivities.main.ActivityMain_$_22386#0
08-21 21:08:53.883  2736  2736 I SurfaceFlinger:      DEVICE | 0xee532800 | 0002 | RGBA_8888 |   0.0    0.0  720.0 1280.0 |    0    0  720 1280 | com.nononsenseapps.notepad/com.nonon[...]tivities.main.ActivityMain_$_22386#0
08-21 21:08:55.135  2736  2736 I SurfaceFlinger:      DEVICE | 0xee531e00 | 0002 | RGBA_8888 |   0.0    0.0  720.0 1280.0 |    0    0  720 1280 | com.nononsenseapps.notepad/com.nonon[...]tivities.main.ActivityMain_$_22386#0
08-21 21:08:55.435  2736  2736 I SurfaceFlinger:      DEVICE | 0xee531e00 | 0002 | RGBA_8888 |   0.0    0.0  720.0 1280.0 |    0    0  720 1280 | com.nononsenseapps.notepad/com.nonon[...]tivities.main.ActivityMain_$_22386#0
08-21 21:08:56.341  3138  3164 D WindowManager: setSystemUiVisibility: displayId=0, vis=0x8518, fullVis=0x0, dockVis=0x0, win=Window{7914a56 u0 com.nononsenseapps.notepad/com.nononsenseapps.notepad.activities.main.ActivityMain_}
08-21 21:08:56.455  2736  2736 I SurfaceFlinger:      DEVICE | 0xee531680 | 0002 | RGBA_8888 |   0.0    0.0  720.0 1280.0 |    0    0  720 1280 | com.nononsenseapps.notepad/com.nonon[...]tivities.main.ActivityMain_$_22386#0
08-21 21:08:56.721  2736  2736 I SurfaceFlinger:      DEVICE | 0xee531680 | 0002 | RGBA_8888 |   0.0    0.0  720.0 1280.0 |    0    0  720 1280 | com.nononsenseapps.notepad/com.nonon[...]tivities.main.ActivityMain_$_22386#0
08-21 21:08:58.837  2736  2736 I SurfaceFlinger:      DEVICE | 0xee531680 | 0002 | RGBA_8888 |   0.0    0.0  720.0 1280.0 |    0    0  720 1280 | com.nononsenseapps.notepad/com.nonon[...]tivities.main.ActivityMain_$_22386#0
08-21 21:09:00.979  2736  2850 I SurfaceFlinger: id=15586 Removed 8014827 com.nononsenseapps.notepad/com.nononsenseapps.notepad.activities.main.ActivityMain_#0 (60)
08-21 21:09:00.989  2736  2736 I Layer   : id=15586[1] Destroyed 8014827 com.nononsenseapps.notepad/com.nononsenseapps.notepad.activities.main.ActivityMain_#0
08-21 21:10:03.807 24933 24950 I SmProvider: makeValuesForFasUpdate contentValues=package_name=com.nononsenseapps.notepad extras=0 uid=10834 level=2 resetTime=1755799736326
08-21 21:10:30.465  3138  3164 D WindowManager: setSystemUiVisibility: displayId=0, vis=0x8518, fullVis=0x0, dockVis=0x0, win=Window{7914a56 u0 com.nononsenseapps.notepad/com.nononsenseapps.notepad.activities.main.ActivityMain_}
08-21 21:12:12.539  2736  2789 I SurfaceFlinger: createSurf start. lock debugging [Surface(name=AppWindowToken{c7e38ca token=Token{e5f7c35 ActivityRecord{7754e6c u0 com.nononsenseapps.notepad/.activities.main.ActivityMain_ t3055}}})/@0xc6c3134 - animation-leash]
08-21 21:12:12.540  2736  2789 I SurfaceFlinger: id=15609 createSurf (0x0),-1 flag=80004, Surface(name=AppWindowToken{c7e38ca token=Token{e5f7c35 ActivityRecord{7754e6c u0 com.nononsenseapps.notepad/.activities.main.ActivityMain_ t3055}}})/@0xc6c3134 - animation-leash#0
08-21 21:12:12.691  2736  2736 I SurfaceFlinger:      CLIENT | 0xee531e00 | 0002 | RGBA_8888 |   0.0    0.0  720.0 1280.0 |    0    0  720 1280 | com.nononsenseapps.notepad/com.nonon[...]tivities.main.ActivityMain_$_22386#0
08-21 21:12:12.821  2736  4288 I Layer   : id=15609 removeFromCurrentState Surface(name=AppWindowToken{c7e38ca token=Token{e5f7c35 ActivityRecord{7754e6c u0 com.nononsenseapps.notepad/.activities.main.ActivityMain_ t3055}}})/@0xc6c3134 - animation-leash#0 (61)
08-21 21:12:12.831  2736  4288 E BufferQueueProducer: [com.nononsenseapps.notepad/com.nononsenseapps.notepad.activities.main.ActivityMain_$_22386#0] disconnect: not connected (req=1)
08-21 21:12:12.832  2736  2736 E Layer   : [Surface(name=AppWindowToken{c7e38ca token=Token{e5f7c35 ActivityRecord{7754e6c u0 com.nononsenseapps.notepad/.activities.main.ActivityMain_ t3055}}})/@0xc6c3134 - animation-leash#0] No local sync point found, barrierLayer : [com.sec.android.app.launcher/com.sec.android.app.launcher.activities.LauncherActivity$_3880#0]
08-21 21:12:12.845  3138  4567 V WindowManager: Relayout Window{7914a56 u0 com.nononsenseapps.notepad/com.nononsenseapps.notepad.activities.main.ActivityMain_}: viewVisibility=8 req=720x1280
08-21 21:12:12.929  2736  2850 I Layer   : id=15524 removeFromCurrentState com.nononsenseapps.notepad/com.nononsenseapps.notepad.activities.main.ActivityMain_$_22386#0 (61)
08-21 21:12:12.929  2736  2850 I SurfaceFlinger: id=15524 Removed com.nononsenseapps.notepad/com.nononsenseapps.notepad.activities.main.ActivityMain_$_22386#0 (61)
08-21 21:12:12.931  2736  4288 I Layer   : id=15523 removeFromCurrentState 7914a56 com.nononsenseapps.notepad/com.nononsenseapps.notepad.activities.main.ActivityMain_#0 (61)
08-21 21:12:12.932  2736  2736 I Layer   : id=15524[1] Destroyed com.nononsenseapps.notepad/com.nononsenseapps.notepad.activities.main.ActivityMain_$_22386#0
08-21 21:12:12.936  2736  2850 I SurfaceFlinger: id=15523 Removed 7914a56 com.nononsenseapps.notepad/com.nononsenseapps.notepad.activities.main.ActivityMain_#0 (60)
08-21 21:12:12.945  2736  2850 I Layer   : id=15517 removeFromCurrentState AppWindowToken{c7e38ca token=Token{e5f7c35 ActivityRecord{7754e6c u0 com.nononsenseapps.notepad/.activities.main.ActivityMain_ t3055}}}#0 (60)
08-21 21:12:12.947  2736  2850 I SurfaceFlinger: id=15517 Removed AppWindowToken{c7e38ca token=Token{e5f7c35 ActivityRecord{7754e6c u0 com.nononsenseapps.notepad/.activities.main.ActivityMain_ t3055}}}#0 (60)
08-21 21:12:12.949  2736  2736 I Layer   : id=15523[1] Destroyed 7914a56 com.nononsenseapps.notepad/com.nononsenseapps.notepad.activities.main.ActivityMain_#0
08-21 21:12:12.949  2736  2736 I Layer   : id=15517[1] Destroyed AppWindowToken{c7e38ca token=Token{e5f7c35 ActivityRecord{7754e6c u0 com.nononsenseapps.notepad/.activities.main.ActivityMain_ t3055}}}#0
08-21 21:12:14.830  2735  2735 I lmkd    : Reclaim Mem 'com.nononsenseapps.notepad' (22386), uid 10834, oom_adj 900, state 19 to free 85564kB
08-21 21:12:50.953  2736  2850 I SurfaceFlinger: id=15609 Removed Surface(name=AppWindowToken{c7e38ca token=Token{e5f7c35 ActivityRecord{7754e6c u0 com.nononsenseapps.notepad/.activities.main.ActivityMain_ t3055}}})/@0xc6c3134 - animation-leash#0 (63)
08-21 21:12:50.958  2736  2736 I Layer   : id=15609[1] Destroyed Surface(name=AppWindowToken{c7e38ca token=Token{e5f7c35 ActivityRecord{7754e6c u0 com.nononsenseapps.notepad/.activities.main.ActivityMain_ t3055}}})/@0xc6c3134 - animation-leash#0
08-21 21:18:22.450  3138  3428 I ApplicationPolicy: isApplicationExternalStorageWhitelisted:com.nononsenseapps.notepad user:0
08-21 21:18:22.450  3138  3428 D ActivityManager: package  com.nononsenseapps.notepad, user - 0 is SDcard whitelisted
08-21 21:18:22.450  3138  3428 I ApplicationPolicy: isApplicationExternalStorageBlacklisted:com.nononsenseapps.notepad user:0
08-21 21:18:22.450  3138  3428 I ApplicationPolicy: isApplicationExternalStorageBlacklisted:com.nononsenseapps.notepad user:0
08-21 21:18:22.472  3138  3173 I ActivityManager: Start proc 321:com.nononsenseapps.notepad/u0a834 for activelaunch {com.nononsenseapps.notepad/com.nononsenseapps.notepad.activities.main.ActivityMain_}
08-21 21:18:22.505  3138  3674 I ActivityManager: DSS OFF for com.nononsenseapps.notepad
08-21 21:18:22.609  3138  3674 I ActivityTaskManager: START u0 {act=android.intent.action.MAIN cat=[android.intent.category.LAUNCHER] flg=0x10200000 cmp=com.nononsenseapps.notepad/.activities.main.ActivityMain_ bnds=[26,587][191,796]} from uid 10056
08-21 21:18:22.675  2736  2850 I SurfaceFlinger: createSurf start. lock debugging [AppWindowToken{c3b9874 token=Token{8c14847 ActivityRecord{b615786 u0 com.nononsenseapps.notepad/.activities.main.ActivityMain_ t3058}}}]
08-21 21:18:22.675  2736  2850 I SurfaceFlinger: id=15681 createSurf (0x0),-1 flag=80004, AppWindowToken{c3b9874 token=Token{8c14847 ActivityRecord{b615786 u0 com.nononsenseapps.notepad/.activities.main.ActivityMain_ t3058}}}#0
08-21 21:18:22.698  3138  3166 D GameSDKService: MultiWindowEventListener.onFocusStackChanged(), state=0, top=ComponentInfo{com.nononsenseapps.notepad/com.nononsenseapps.notepad.activities.main.ActivityMain_}
08-21 21:18:22.699  3138  3166 D GameSDKService: MultiWindowEventListener.onFocusStackChanged(): com.nononsenseapps.notepad
08-21 21:18:22.700  3138  3166 D GameManagerService: MultiWindowEventListener.onFocusedStackChanged(), state=0, top=ComponentInfo{com.nononsenseapps.notepad/com.nononsenseapps.notepad.activities.main.ActivityMain_}
08-21 21:18:22.700  3138  3166 D GameManagerService: MultiWindowEventListener.onFocusedStackChanged(), pkgName: com.nononsenseapps.notepad, clsName: com.nononsenseapps.notepad.activities.main.ActivityMain_, FgActivityName:com.nononsenseapps.notepad/.activities.main.ActivityMain_, userID:0
08-21 21:18:22.701  3138  3425 D GameManagerService: onLooperPrepared(), msg: { when=-1ms what=10000 obj=ComponentInfo{com.nononsenseapps.notepad/com.nononsenseapps.notepad.activities.main.ActivityMain_} target=com.samsung.android.game.GameManagerService$FgCheckThread$1 }
08-21 21:18:22.701  3138  3425 D GameManagerService: notifyResumePause(). pkg: com.nononsenseapps.notepad, type: 4, isMinimized: false, isTunableApp: false
08-21 21:18:22.719  3138  3674 D GamePkgDataHelper: notifyAppCreate(), pkgName: com.nononsenseapps.notepad, sendRet: true
08-21 21:18:22.719  3138  3425 D GameManagerService: onLooperPrepared(), msg: { when=0 what=10010 obj=com.nononsenseapps.notepad target=com.samsung.android.game.GameManagerService$FgCheckThread$1 }
08-21 21:18:22.720  3138  3425 D GameManagerService: handleMessage(), MSG_APP_CREATE. pkgName: com.nononsenseapps.notepad
08-21 21:18:22.728  3138  3674 D MARsPolicyManager: onPackageResumedFG pkgName = com.nononsenseapps.notepad, userId = 0
08-21 21:18:22.754  3138  3164 D CodecSolution: isMaxAspectPackageEx: com.nononsenseapps.notepad : false(0)
08-21 21:18:22.763  3138  3166 D GamePkgDataHelper: getSosPolicy(). com.nononsenseapps.notepad
08-21 21:18:22.764  3138  3166 D GameManagerService: identifyGamePackage. com.nononsenseapps.notepad, mCurrentUserId: 0, callerUserId: 0
08-21 21:18:22.764  3138  3166 D GamePkgDataHelper: getGamePkgData(). com.nononsenseapps.notepad
08-21 21:18:22.764  3138  3166 D GameManagerService: noteResumeComponent(), resumeComponent: com.nononsenseapps.notepad
08-21 21:18:22.765  3138  3425 D GameManagerService: onLooperPrepared(), msg: { when=-1ms what=10000 obj=ComponentInfo{com.nononsenseapps.notepad/com.nononsenseapps.notepad.activities.main.ActivityMain_} target=com.samsung.android.game.GameManagerService$FgCheckThread$1 }
08-21 21:18:22.766  3138  3674 D GamePkgDataHelper: getSosPolicy(). com.nononsenseapps.notepad
08-21 21:18:22.768  3138  3679 D GameManagerService: identifyForegroundApp. com.nononsenseapps.notepad, mCurrentUserId: 0, callerUserId: 0
08-21 21:18:22.768  3138  3679 D GamePkgDataHelper: getGamePkgData(). com.nononsenseapps.notepad
08-21 21:18:22.769  3138  3167 D PhoneWindow: forceLight changed to true [Splash Screen com.nononsenseapps.notepad] from com.android.internal.policy.PhoneWindow.updateForceLightNavigationBar:4238 com.android.internal.policy.DecorView.updateColorViews:1510 com.android.internal.policy.PhoneWindow.dispatchWindowAttributesChanged:3216 android.view.Window.setFlags:1148 com.android.internal.policy.PhoneWindow.generateLayout:2444 
08-21 21:18:22.786  2736  3918 I SurfaceFlinger: createSurf start. lock debugging [9f4ae36 Splash Screen com.nononsenseapps.notepad]
08-21 21:18:22.787  2736  3918 I SurfaceFlinger: id=15682 createSurf (0x0),-1 flag=80004, 9f4ae36 Splash Screen com.nononsenseapps.notepad#0
08-21 21:18:22.796  3138  3167 V WindowManager: Relayout Window{9f4ae36 u0 Splash Screen com.nononsenseapps.notepad}: viewVisibility=0 req=720x1280
08-21 21:18:22.800  2736  3918 I SurfaceFlinger: createSurf start. lock debugging [Splash Screen com.nononsenseapps.notepad]
08-21 21:18:22.800  2736  3918 I SurfaceFlinger: id=15683 createSurf (720x1280),1 flag=404, Splash Screen com.nononsenseapps.notepad#0
08-21 21:18:22.802  3138  3167 D WindowManager: makeSurface duration=2 name=Splash Screen com.nononsenseapps.notepad
08-21 21:18:22.808  3138  3674 D GameManagerService: identifyGamePackage. com.nononsenseapps.notepad, mCurrentUserId: 0, callerUserId: 0
08-21 21:18:22.808  3138  3674 D GamePkgDataHelper: getGamePkgData(). com.nononsenseapps.notepad
08-21 21:18:22.824  3138  3167 D WindowManager: finishDrawingWindow: Window{9f4ae36 u0 Splash Screen com.nononsenseapps.notepad} mDrawState=DRAW_PENDING
08-21 21:18:22.856  3138  3167 V WindowManager: performShow on Window{9f4ae36 u0 Splash Screen com.nononsenseapps.notepad}: mDrawState=READY_TO_SHOW readyForDisplay=false starting=true during animation: policyVis=true parentHidden=false tok.hiddenRequested=false tok.hidden=true animating=true tok animating=true Callers=com.android.server.wm.WindowState.performShowLocked:4660 com.android.server.wm.WindowStateAnimator.commitFinishDrawingLocked:380 com.android.server.wm.DisplayContent.lambda$new$8$DisplayContent:935 com.android.server.wm.-$$Lambda$DisplayContent$qxt4izS31fb0LF2uo_OF9DMa7gc.accept:4 
08-21 21:18:22.865  3138  3167 I WindowManager: Reparenting to leash, surface=Surface(name=AppWindowToken{c3b9874 token=Token{8c14847 ActivityRecord{b615786 u0 com.nononsenseapps.notepad/.activities.main.ActivityMain_ t3058}}})/@0x150fc0d
08-21 21:18:22.865  2736  3918 I SurfaceFlinger: createSurf start. lock debugging [Surface(name=AppWindowToken{c3b9874 token=Token{8c14847 ActivityRecord{b615786 u0 com.nononsenseapps.notepad/.activities.main.ActivityMain_ t3058}}})/@0x150fc0d - animation-leash]
08-21 21:18:22.866  2736  3918 I SurfaceFlinger: id=15685 createSurf (0x0),-1 flag=80004, Surface(name=AppWindowToken{c3b9874 token=Token{8c14847 ActivityRecord{b615786 u0 com.nononsenseapps.notepad/.activities.main.ActivityMain_ t3058}}})/@0x150fc0d - animation-leash#0
08-21 21:18:22.866  3138  3167 D WindowManager: makeSurface duration=1 leash=Surface(name=Surface(name=AppWindowToken{c3b9874 token=Token{8c14847 ActivityRecord{b615786 u0 com.nononsenseapps.notepad/.activities.main.ActivityMain_ t3058}}})/@0x150fc0d - animation-leash)/@0xb5577c2
08-21 21:18:22.871  3138  3164 D WindowManager: setSystemUiVisibility: displayId=0, vis=0x8018, fullVis=0x0, dockVis=0x0, win=Window{9f4ae36 u0 Splash Screen com.nononsenseapps.notepad}
08-21 21:18:22.889  3138  3485 D MdnieScenarioControlService:  packageName : com.nononsenseapps.notepad    className : com.nononsenseapps.notepad.activities.main.ActivityMain_
08-21 21:18:22.916  2736  2736 I SurfaceFlinger:      CLIENT | 0xee530280 | 0002 | RGBA_8888 |   0.0    0.0  720.0 1280.0 |    0    0  720 1280 | Splash Screen com.nononsenseapps.notepad#0
08-21 21:18:23.028  3138  3680 I WindowManager: Reparenting to original parent: Surface(name=Task=3058)/@0x386027d, destroyLeash=true, surface=Surface(name=AppWindowToken{c3b9874 token=Token{8c14847 ActivityRecord{b615786 u0 com.nononsenseapps.notepad/.activities.main.ActivityMain_ t3058}}})/@0x150fc0d
08-21 21:18:23.039  2736  3918 I Layer   : id=15685 removeFromCurrentState Surface(name=AppWindowToken{c3b9874 token=Token{8c14847 ActivityRecord{b615786 u0 com.nononsenseapps.notepad/.activities.main.ActivityMain_ t3058}}})/@0x150fc0d - animation-leash#0 (65)
08-21 21:18:23.043  2736  2736 E Layer   : [Surface(name=AppWindowToken{c3b9874 token=Token{8c14847 ActivityRecord{b615786 u0 com.nononsenseapps.notepad/.activities.main.ActivityMain_ t3058}}})/@0x150fc0d - animation-leash#0] No local sync point found, barrierLayer : [com.sec.android.app.launcher/com.sec.android.app.launcher.activities.LauncherActivity$_3880#0]
08-21 21:18:23.043  2736  2736 E Layer   : [Surface(name=AppWindowToken{c3b9874 token=Token{8c14847 ActivityRecord{b615786 u0 com.nononsenseapps.notepad/.activities.main.ActivityMain_ t3058}}})/@0x150fc0d - animation-leash#0] No local sync point found, barrierLayer : [com.sec.android.app.launcher/com.sec.android.app.launcher.activities.LauncherActivity$_3880#0]
08-21 21:18:23.049  2736  2736 I SurfaceFlinger:      DEVICE | 0xee530280 | 0002 | RGBA_8888 |   0.0    0.0  720.0 1280.0 |    0    0  720 1280 | Splash Screen com.nononsenseapps.notepad#0
08-21 21:18:23.085  2736  4288 I SurfaceFlinger: id=15685 Removed Surface(name=AppWindowToken{c3b9874 token=Token{8c14847 ActivityRecord{b615786 u0 com.nononsenseapps.notepad/.activities.main.ActivityMain_ t3058}}})/@0x150fc0d - animation-leash#0 (65)
08-21 21:18:23.094  2736  2736 I Layer   : id=15685[1] Destroyed Surface(name=AppWindowToken{c3b9874 token=Token{8c14847 ActivityRecord{b615786 u0 com.nononsenseapps.notepad/.activities.main.ActivityMain_ t3058}}})/@0x150fc0d - animation-leash#0
08-21 21:18:23.296  2736  3918 I SurfaceFlinger: createSurf start. lock debugging [2b2ea1b com.nononsenseapps.notepad/com.nononsenseapps.notepad.activities.main.ActivityMain_]
08-21 21:18:23.297  2736  3918 I SurfaceFlinger: id=15687 createSurf (0x0),-1 flag=80004, 2b2ea1b com.nononsenseapps.notepad/com.nononsenseapps.notepad.activities.main.ActivityMain_#0
08-21 21:18:23.364  3138  3674 V WindowManager: Relayout Window{2b2ea1b u0 com.nononsenseapps.notepad/com.nononsenseapps.notepad.activities.main.ActivityMain_}: viewVisibility=0 req=720x1280
08-21 21:18:23.367  2736  3918 I SurfaceFlinger: createSurf start. lock debugging [com.nononsenseapps.notepad/com.nononsenseapps.notepad.activities.main.ActivityMain_$_321]
08-21 21:18:23.367  2736  3918 I SurfaceFlinger: id=15688 createSurf (720x1280),1 flag=404, com.nononsenseapps.notepad/com.nononsenseapps.notepad.activities.main.ActivityMain_$_321#0
08-21 21:18:23.368  3138  3674 D WindowManager: makeSurface duration=2 name=com.nononsenseapps.notepad/com.nononsenseapps.notepad.activities.main.ActivityMain_$_321
08-21 21:18:23.369  3138  3674 V WindowManager: Changing focus from null to Window{2b2ea1b u0 com.nononsenseapps.notepad/com.nononsenseapps.notepad.activities.main.ActivityMain_} displayId=0 Callers=com.android.server.wm.RootWindowContainer.updateFocusedWindowLocked:203 com.android.server.wm.WindowManagerService.updateFocusedWindowLocked:6113 com.android.server.wm.WindowManagerService.relayoutWindow:2560 com.android.server.wm.Session.relayout:202 android.view.IWindowSession$Stub.onTransact:708 com.android.server.wm.Session.onTransact:142 
08-21 21:18:23.369  3138  3164 D WindowManager: setSystemUiVisibility: displayId=0, vis=0x8518, fullVis=0x0, dockVis=0x0, win=Window{2b2ea1b u0 com.nononsenseapps.notepad/com.nononsenseapps.notepad.activities.main.ActivityMain_}
08-21 21:18:23.491  3138  3678 D WindowManager: finishDrawingWindow: Window{2b2ea1b u0 com.nononsenseapps.notepad/com.nononsenseapps.notepad.activities.main.ActivityMain_} mDrawState=DRAW_PENDING
08-21 21:18:23.520  3138  3167 I WindowManager: Reparenting to leash, surface=Surface(name=9f4ae36 Splash Screen com.nononsenseapps.notepad)/@0x18625d0
08-21 21:18:23.521  2736  4288 I SurfaceFlinger: createSurf start. lock debugging [Surface(name=9f4ae36 Splash Screen com.nononsenseapps.notepad)/@0x18625d0 - animation-leash]
08-21 21:18:23.521  2736  4288 I SurfaceFlinger: id=15689 createSurf (0x0),-1 flag=80004, Surface(name=9f4ae36 Splash Screen com.nononsenseapps.notepad)/@0x18625d0 - animation-leash#0
08-21 21:18:23.521  3138  3167 D WindowManager: makeSurface duration=1 leash=Surface(name=Surface(name=9f4ae36 Splash Screen com.nononsenseapps.notepad)/@0x18625d0 - animation-leash)/@0x483a9c9
08-21 21:18:23.544  3138  3171 I ActivityTaskManager: Displayed com.nononsenseapps.notepad/.activities.main.ActivityMain_: +893ms
08-21 21:18:23.569  2736  2736 I SurfaceFlinger:      DEVICE | 0xee531680 | 0002 | RGBA_8888 |   0.0    0.0  720.0 1280.0 |    0    0  720 1280 | com.nononsenseapps.notepad/com.nonon[...]activities.main.ActivityMain_$_321#0
08-21 21:18:23.569  2736  2736 I SurfaceFlinger:      CLIENT | 0xee530280 | 0002 | RGBA_8888 |   0.0    0.0  720.0 1280.0 |    0    0  720 1280 | Splash Screen com.nononsenseapps.notepad#0
08-21 21:18:23.578  3138  3167 I WindowManager: Reparenting to original parent: Surface(name=AppWindowToken{c3b9874 token=Token{8c14847 ActivityRecord{b615786 u0 com.nononsenseapps.notepad/.activities.main.ActivityMain_ t3058}}})/@0x150fc0d, destroyLeash=true, surface=Surface(name=9f4ae36 Splash Screen com.nononsenseapps.notepad)/@0x18625d0
08-21 21:18:23.598  3138  3167 E WindowManager: win=Window{9f4ae36 u0 Splash Screen com.nononsenseapps.notepad EXITING} destroySurfaces: appStopped=false win.mWindowRemovalAllowed=true win.mRemoveOnExit=true win.mViewVisibility=0 caller=com.android.server.wm.AppWindowToken.destroySurfaces:1200 com.android.server.wm.AppWindowToken.destroySurfaces:1181 com.android.server.wm.WindowState.onExitAnimationDone:5030 com.android.server.wm.WindowStateAnimator.onAnimationFinished:287 com.android.server.wm.WindowState.onAnimationFinished:5471 com.android.server.wm.-$$Lambda$yVRF8YoeNdTa8GR1wDStVsHu8xM.run:2 com.android.server.wm.SurfaceAnimator.lambda$getFinishedCallback$0$SurfaceAnimator:100 
08-21 21:18:23.599  2736  2736 I SurfaceFlinger:      DEVICE | 0xee531680 | 0002 | RGBA_8888 |   0.0    0.0  720.0 1280.0 |    0    0  720 1280 | com.nononsenseapps.notepad/com.nonon[...]activities.main.ActivityMain_$_321#0
08-21 21:18:23.600  3138  3167 I WindowManager: Destroying surface Surface(name=Splash Screen com.nononsenseapps.notepad)/@0x47791fb called by com.android.server.wm.WindowStateAnimator.destroySurface:1734 com.android.server.wm.WindowStateAnimator.destroySurfaceLocked:693 com.android.server.wm.WindowState.destroySurfaceUnchecked:3482 com.android.server.wm.WindowState.destroySurface:3456 com.android.server.wm.AppWindowToken.destroySurfaces:1200 com.android.server.wm.AppWindowToken.destroySurfaces:1181 com.android.server.wm.WindowState.onExitAnimationDone:5030 com.android.server.wm.WindowStateAnimator.onAnimationFinished:287 
08-21 21:18:23.600  2736  3918 I Layer   : id=15683 removeFromCurrentState Splash Screen com.nononsenseapps.notepad#0 (65)
08-21 21:18:23.603  2736  4288 I Layer   : id=15682 removeFromCurrentState 9f4ae36 Splash Screen com.nononsenseapps.notepad#0 (65)
08-21 21:18:23.603  2736  4288 I Layer   : id=15689 removeFromCurrentState Surface(name=9f4ae36 Splash Screen com.nononsenseapps.notepad)/@0x18625d0 - animation-leash#0 (65)
08-21 21:18:23.605  2736  3918 I SurfaceFlinger: id=15682 Removed 9f4ae36 Splash Screen com.nononsenseapps.notepad#0 (65)
08-21 21:18:23.605  2736  3918 I SurfaceFlinger: id=15689 Removed Surface(name=9f4ae36 Splash Screen com.nononsenseapps.notepad)/@0x18625d0 - animation-leash#0 (65)
08-21 21:18:23.605  2736  3918 I SurfaceFlinger: id=15683 Removed Splash Screen com.nononsenseapps.notepad#0 (65)
08-21 21:18:23.611  2736  2736 I Layer   : id=15689[1] Destroyed Surface(name=9f4ae36 Splash Screen com.nononsenseapps.notepad)/@0x18625d0 - animation-leash#0
08-21 21:18:23.611  2736  2736 I Layer   : id=15682[1] Destroyed 9f4ae36 Splash Screen com.nononsenseapps.notepad#0
08-21 21:18:23.611  2736  2736 I Layer   : id=15683[1] Destroyed Splash Screen com.nononsenseapps.notepad#0
08-21 21:18:23.706   321   321 V InputMethodManager: Starting input: tba=com.nononsenseapps.notepad ic=null mNaviBarColor -855310 mIsGetNaviBarColorSuccess true , NavVisible : true , NavTrans : false
08-21 21:18:23.720  3138  3401 W WifiTransportLayerUtils: getApplicationCategory - IOException com.nononsenseapps.notepad
08-21 21:18:23.731   321   321 V InputMethodManager: Starting input: tba=com.nononsenseapps.notepad ic=null mNaviBarColor -855310 mIsGetNaviBarColorSuccess true , NavVisible : true , NavTrans : false
08-21 21:18:23.966  3138  3164 D CodecSolution: isMaxAspectPackageEx: com.nononsenseapps.notepad : false(0)
08-21 21:18:24.097  3138  3485 D MdnieScenarioControlService:  packageName : com.nononsenseapps.notepad    className : com.nononsenseapps.notepad.activities.main.ActivityMain_
08-21 21:18:28.792  3138 11259 D GameManagerService: identifyGamePackage. com.nononsenseapps.notepad, mCurrentUserId: 0, callerUserId: 0
08-21 21:18:28.793  3138 11259 D GamePkgDataHelper: getGamePkgData(). com.nononsenseapps.notepad
08-21 21:18:28.795   321   376 D ProfileInstaller: Skipping profile installation for com.nononsenseapps.notepad
08-21 21:19:00.005  3138  3300 V SamsungAlarmManager: Sending to uid : 10834 action=android.intent.action.RUN alarm=Alarm{40e28f0 type 3 when 276080100 com.nononsenseapps.notepad}
08-21 21:20:09.442  1721  1741 I SmProvider: makeValuesForFasUpdate contentValues=package_name=com.nononsenseapps.notepad extras=0 uid=10834 level=2 resetTime=1755800302729
